../Core/Src/main.c:95:5:main	48	static
../Core/Src/main.c:203:6:SystemClock_Config	88	static
../Core/Src/main.c:250:13:MX_SPI1_Init	8	static
../Core/Src/main.c:288:13:MX_USART1_UART_Init	8	static
../Core/Src/main.c:319:13:MX_DMA_Init	16	static
../Core/Src/main.c:343:13:MX_GPIO_Init	32	static
../Core/Src/main.c:373:6:HAL_UART_RxCpltCallback	16	static
../Core/Src/main.c:378:6:HAL_UART_TxCpltCallback	16	static
../Core/Src/main.c:382:6:HAL_SPI_TxCpltCallback	16	static
../Core/Src/main.c:394:6:Error_Handler	4	static,ignoring_inline_asm
